// Vitest Snapshot v1, https://vitest.dev/guide/snapshot.html

exports[`Should match snapshot 1`] = `
<body>
  <div>
    <li
      class="todo-item py-4"
    >
      <div
        class="flex items-center"
      >
        <input
          class="h-4 w-4 text-teal-600 focus:ring-teal-500 border-gray-300 rounded"
          id="todo1"
          name="todo1"
          type="checkbox"
        />
        <label
          class="ml-3 block text-gray-900"
          for="todo1"
        >
          <span
            class="text-lg font-medium"
          >
            checkbox-1
          </span>
        </label>
      </div>
    </li>
  </div>
</body>
`;
